// Jest Snapshot v1, https://goo.gl/fbAQLP

exports[`Storyshots Sandbox/HintText Default 1`] = `
.c2 {
  stroke: none;
  fill: currentColor;
  width: 16px;
  height: 16px;
  line-height: 0;
  font-size: 0;
  vertical-align: middle;
}

.c3 {
  fill: #ffffff;
  fill-rule: evenodd;
}

.c0 {
  background-color: var(--charcoal-surface3);
  border-radius: 8px;
  padding-top: 16px;
  padding-bottom: 16px;
  padding-right: 16px;
  padding-left: 16px;
  display: -webkit-box;
  display: -webkit-flex;
  display: -ms-flexbox;
  display: flex;
  -webkit-align-items: flex-start;
  -webkit-box-align: flex-start;
  -ms-flex-align: flex-start;
  align-items: flex-start;
}

.c1 {
  display: -webkit-box;
  display: -webkit-flex;
  display: -ms-flexbox;
  display: flex;
  -webkit-align-items: center;
  -webkit-box-align: center;
  -ms-flex-align: center;
  align-items: center;
  color: #adadad;
  height: 22px;
  margin: -4px 4px -4px 0;
}

.c4 {
  color: var(--charcoal-text2);
  font-size: 14px;
  line-height: 22px;
  display: flow-root;
  margin: 0;
}

.c4::before {
  display: block;
  width: 0;
  height: 0;
  content: '';
  margin-top: -4px;
}

.c4::after {
  display: block;
  width: 0;
  height: 0;
  content: '';
  margin-bottom: -4px;
}

@media (max-width:743px) {
  .c0 {
    padding-top: 16px;
    padding-bottom: 16px;
    padding-right: 16px;
    padding-left: 16px;
  }
}

<div
  data-dark={false}
>
  <div
    className="c0"
    default={
      Object {
        "horizontal": 16,
        "vertical": 16,
      }
    }
  >
    <div
      className="c1"
    >
      <svg
        className="c2"
        size={16}
        viewBox="0 0 16 16"
      >
        <path
          d="M8 16C3.58172 16 0 12.4183 0 8C0 3.58172 3.58172 0 8 0C12.4183 0 16 3.58172 16 8C16 12.4183 12.4183 16 8 16Z"
        />
        <path
          className="c3"
          d="M14 8C14 11.3137 11.3137 14 8 14C4.68629 14 2 11.3137 2 8C2 4.68629 4.68629 2 8 2C11.3137 2 14 4.68629 14 8ZM8 6.25C8.69036 6.25 9.25 5.69036 9.25 5C9.25 4.30964 8.69036 3.75 8 3.75C7.30964 3.75 6.75 4.30964 6.75 5C6.75 5.69036 7.30964 6.25 8 6.25ZM7 7.75V11.25C7 11.8023 7.44772 12.25 8 12.25C8.55228 12.25 9 11.8023 9 11.25V7.75C9 7.19772 8.55228 6.75 8 6.75C7.44772 6.75 7 7.19772 7 7.75Z"
        />
      </svg>
    </div>
    <p
      className="c4"
    >
      ヒントテキストだよおおおおおおおおおおおおおおおおおおおおおおおおおおおおおおおおおおおおお
    </p>
  </div>
</div>
`;
