// Jest Snapshot v1, https://goo.gl/fbAQLP

exports[`Storyshots Icon Default 1`] = `
<div
  data-dark={false}
>
  <pixiv-icon
    name="16/Add"
    scale={1}
  />
</div>
`;
