// Jest Snapshot v1, https://goo.gl/fbAQLP

exports[`Clickable Button smoke-test 1`] = `
.c0 {
  cursor: pointer;
  -webkit-appearance: none;
  -moz-appearance: none;
  appearance: none;
  background: transparent;
  padding: 0;
  border-style: none;
  outline: none;
  color: inherit;
  text-rendering: inherit;
  -webkit-letter-spacing: inherit;
  -moz-letter-spacing: inherit;
  -ms-letter-spacing: inherit;
  letter-spacing: inherit;
  word-spacing: inherit;
  -webkit-text-decoration: none;
  text-decoration: none;
  font: inherit;
  margin: 0;
  overflow: visible;
  text-transform: none;
}

.c0:disabled,
.c0[aria-disabled]:not([aria-disabled=false]) {
  cursor: default;
}

.c0:focus {
  outline: none;
}

.c0::-moz-focus-inner {
  border-style: none;
  padding: 0;
}

<div data-dark="false">
  <button class="c0">
    button
  </button>
</div>
`;

exports[`Clickable Link smoke-test 1`] = `
.c0 {
  cursor: pointer;
  -webkit-appearance: none;
  -moz-appearance: none;
  appearance: none;
  background: transparent;
  padding: 0;
  border-style: none;
  outline: none;
  color: inherit;
  text-rendering: inherit;
  -webkit-letter-spacing: inherit;
  -moz-letter-spacing: inherit;
  -ms-letter-spacing: inherit;
  letter-spacing: inherit;
  word-spacing: inherit;
  -webkit-text-decoration: none;
  text-decoration: none;
  font: inherit;
  margin: 0;
  overflow: visible;
  text-transform: none;
}

.c0:disabled,
.c0[aria-disabled]:not([aria-disabled=false]) {
  cursor: default;
}

.c0:focus {
  outline: none;
}

.c0::-moz-focus-inner {
  border-style: none;
  padding: 0;
}

<div data-dark="false">
  <a href="#"
     class="c0"
  >
    link
  </a>
</div>
`;
